{
  "output0" : [ {
    "token" : "bnVsbDoxMjc3OTY4ODAwMDAwOhvvv73vv71L77+9Su+/vT/buh/vv71I77+9Fu+/vQ==",
    "userId" : null
  } ]
}