{
  "output0" : [ {
    "key" : "value1"
  }, {
    "key" : "value2"
  }, {
    "key" : "value3"
  }, {
    "key" : "value4"
  }, {
    "key" : "value5"
  }, {
    "key" : "value6"
  }, {
    "key" : "value7"
  }, {
    "key" : "value8"
  }, {
    "key" : "value9"
  }, {
    "key" : "value10"
  }, {
    "key" : "value11"
  }, {
    "key" : "value12"
  }, {
    "key" : "value13"
  }, {
    "key" : "value14"
  }, {
    "key" : "value15"
  }, {
    "key" : "value16"
  }, {
    "key" : "value17"
  }, {
    "key" : "value18"
  }, {
    "key" : "value19"
  }, {
    "key" : "value20"
  } ]
}