{
  "out": [
    {
      "msg": "Hello, World",
      "num": 1
    }
  ]
}