{
  "output0" : [ {
    "colA" : "colA",
    "colB" : "colB",
    "colC" : "colC"
  } ]
}